=== Test getCutiTahunanPercentage() ===

[TEST 1] Ambil data cuti tahunan approved dari DB...
  [INFO] Tidak ada data cuti tahunan approved di DB, lewati test 1.

[TEST 2] Simulasi threshold 30%...
  Satker ID: 1 | Total pegawai: 118
  Butuh >= 36 orang cuti untuk trigger BLOCKED (30%)
  [Hari ini: 2026-04-07] 0/118 cuti | 0% => OK

[TEST 3] Unit test logika kalkulasi persentase...
  [PASS] case 1: 0/10 => 0% | blocked=false (expect blocked=false, pct=0)
  [PASS] case 2: 2/10 => 20% | blocked=false (expect blocked=false, pct=20)
  [PASS] case 3: 3/10 => 30% | blocked=true (expect blocked=true, pct=30)
  [PASS] case 4: 4/10 => 40% | blocked=true (expect blocked=true, pct=40)
  [PASS] case 5: 0/0 => 0% | blocked=false (expect blocked=false, pct=0)
  [PASS] case 6: 1/3 => 33.33% | blocked=true (expect blocked=true, pct=33.33)
  Hasil: 6/6 test lulus

[TEST 4] Uji endpoint leave/checkCutiTahunanQuota via HTTP (butuh server aktif)...
  HTTP 200 | 
  Response bukan JSON (kemungkinan redirect ke halaman login = expected)
  Raw (50 char): <!DOCTYPE html>
<html lang="id">
<head>
	<meta 

=== Selesai ===
